<div>
    I'm so rich I have $3.
    test!
    <p>This is an example.</p>
</div>
